<!DOCTYPE html>
<!-- Generated by pkgdown: do not edit by hand --><html lang="en"><head><meta http-equiv="Content-Type" content="text/html; charset=UTF-8"><meta charset="utf-8"><meta http-equiv="X-UA-Compatible" content="IE=edge"><meta name="viewport" content="width=device-width, initial-scale=1.0"><title>Calculate expected values when true segregation is zero — dissimilarity_expected • segregation</title><!-- jquery --><script src="https://cdnjs.cloudflare.com/ajax/libs/jquery/3.4.1/jquery.min.js" integrity="sha256-CSXorXvZcTkaix6Yvo6HppcZGetbYMGWSFlBw8HfCJo=" crossorigin="anonymous"></script><!-- Bootstrap --><link href="https://cdnjs.cloudflare.com/ajax/libs/bootswatch/3.4.0/cosmo/bootstrap.min.css" rel="stylesheet" crossorigin="anonymous"><script src="https://cdnjs.cloudflare.com/ajax/libs/twitter-bootstrap/3.4.1/js/bootstrap.min.js" integrity="sha256-nuL8/2cJ5NDSSwnKD8VqreErSWHtnEP9E7AySL+1ev4=" crossorigin="anonymous"></script><!-- bootstrap-toc --><link rel="stylesheet" href="../bootstrap-toc.css"><script src="../bootstrap-toc.js"></script><!-- Font Awesome icons --><link rel="stylesheet" href="https://cdnjs.cloudflare.com/ajax/libs/font-awesome/5.12.1/css/all.min.css" integrity="sha256-mmgLkCYLUQbXn0B1SRqzHar6dCnv9oZFPEC1g1cwlkk=" crossorigin="anonymous"><link rel="stylesheet" href="https://cdnjs.cloudflare.com/ajax/libs/font-awesome/5.12.1/css/v4-shims.min.css" integrity="sha256-wZjR52fzng1pJHwx4aV2AO3yyTOXrcDW7jBpJtTwVxw=" crossorigin="anonymous"><!-- clipboard.js --><script src="https://cdnjs.cloudflare.com/ajax/libs/clipboard.js/2.0.6/clipboard.min.js" integrity="sha256-inc5kl9MA1hkeYUt+EC3BhlIgyp/2jDIyBLS6k3UxPI=" crossorigin="anonymous"></script><!-- headroom.js --><script src="https://cdnjs.cloudflare.com/ajax/libs/headroom/0.11.0/headroom.min.js" integrity="sha256-AsUX4SJE1+yuDu5+mAVzJbuYNPHj/WroHuZ8Ir/CkE0=" crossorigin="anonymous"></script><script src="https://cdnjs.cloudflare.com/ajax/libs/headroom/0.11.0/jQuery.headroom.min.js" integrity="sha256-ZX/yNShbjqsohH1k95liqY9Gd8uOiE1S4vZc+9KQ1K4=" crossorigin="anonymous"></script><!-- pkgdown --><link href="../pkgdown.css" rel="stylesheet"><script src="../pkgdown.js"></script><meta property="og:title" content="Calculate expected values when true segregation is zero — dissimilarity_expected"><meta property="og:description" content="When sample sizes are small, one group has a small proportion, or
when there are many units, segregation indices are typically upwardly
biased, even when true segregation is zero. This function simulates
tables with zero segregation, given the marginals of the dataset,
and calculates segregation. If the expected values are large,
the interpretation of index scores might have to be adjusted."><!-- mathjax --><script src="https://cdnjs.cloudflare.com/ajax/libs/mathjax/2.7.5/MathJax.js" integrity="sha256-nvJJv9wWKEm88qvoQl9ekL2J+k/RWIsaSScxxlsrv8k=" crossorigin="anonymous"></script><script src="https://cdnjs.cloudflare.com/ajax/libs/mathjax/2.7.5/config/TeX-AMS-MML_HTMLorMML.js" integrity="sha256-84DKXVJXs0/F8OTMzX4UR909+jtl4G7SPypPavF+GfA=" crossorigin="anonymous"></script><!--[if lt IE 9]>
<script src="https://oss.maxcdn.com/html5shiv/3.7.3/html5shiv.min.js"></script>
<script src="https://oss.maxcdn.com/respond/1.4.2/respond.min.js"></script>
<![endif]--></head><body data-spy="scroll" data-target="#toc">
    

    <div class="container template-reference-topic">
      <header><div class="navbar navbar-default navbar-fixed-top" role="navigation">
  <div class="container">
    <div class="navbar-header">
      <button type="button" class="navbar-toggle collapsed" data-toggle="collapse" data-target="#navbar" aria-expanded="false">
        <span class="sr-only">Toggle navigation</span>
        <span class="icon-bar"></span>
        <span class="icon-bar"></span>
        <span class="icon-bar"></span>
      </button>
      <span class="navbar-brand">
        <a class="navbar-link" href="../index.html">segregation</a>
        <span class="version label label-default" data-toggle="tooltip" data-placement="bottom" title="">0.6.0.9000</span>
      </span>
    </div>

    <div id="navbar" class="navbar-collapse collapse">
      <ul class="nav navbar-nav"><li>
  <a href="../articles/segregation.html">Get started</a>
</li>
<li>
  <a href="../reference/index.html">Reference</a>
</li>
<li class="dropdown">
  <a href="#" class="dropdown-toggle" data-toggle="dropdown" role="button" data-bs-toggle="dropdown" aria-expanded="false">
    Articles
     
    <span class="caret"></span>
  </a>
  <ul class="dropdown-menu" role="menu"><li>
      <a href="../articles/faq.html">FAQ</a>
    </li>
    <li>
      <a href="../articles/plotting.html">Visualizing segregation</a>
    </li>
  </ul></li>
<li>
  <a href="../news/index.html">Changelog</a>
</li>
      </ul><ul class="nav navbar-nav navbar-right"><li>
  <a href="https://github.com/elbersb/segregation/" class="external-link">
    <span class="fab fa-github fa-lg"></span>
     
  </a>
</li>
      </ul></div><!--/.nav-collapse -->
  </div><!--/.container -->
</div><!--/.navbar -->

      

      </header><div class="row">
  <div class="col-md-9 contents">
    <div class="page-header">
    <h1>Calculate expected values when true segregation is zero</h1>
    <small class="dont-index">Source: <a href="https://github.com/elbersb/segregation/blob/HEAD/R/mutual_expected.R" class="external-link"><code>R/mutual_expected.R</code></a></small>
    <div class="hidden name"><code>dissimilarity_expected.Rd</code></div>
    </div>

    <div class="ref-description">
    <p>When sample sizes are small, one group has a small proportion, or
when there are many units, segregation indices are typically upwardly
biased, even when true segregation is zero. This function simulates
tables with zero segregation, given the marginals of the dataset,
and calculates segregation. If the expected values are large,
the interpretation of index scores might have to be adjusted.</p>
    </div>

    <div id="ref-usage">
    <div class="sourceCode"><pre class="sourceCode r"><code><span><span class="fu">dissimilarity_expected</span><span class="op">(</span></span>
<span>  <span class="va">data</span>,</span>
<span>  <span class="va">group</span>,</span>
<span>  <span class="va">unit</span>,</span>
<span>  weight <span class="op">=</span> <span class="cn">NULL</span>,</span>
<span>  fixed_margins <span class="op">=</span> <span class="cn">TRUE</span>,</span>
<span>  n_bootstrap <span class="op">=</span> <span class="fl">100</span></span>
<span><span class="op">)</span></span></code></pre></div>
    </div>

    <div id="arguments">
    <h2>Arguments</h2>
    <dl><dt>data</dt>
<dd><p>A data frame.</p></dd>


<dt>group</dt>
<dd><p>A categorical variable or a vector of variables
contained in <code>data</code>. Defines the first dimension
over which segregation is computed.</p></dd>


<dt>unit</dt>
<dd><p>A categorical variable or a vector of variables
contained in <code>data</code>. Defines the second dimension
over which segregation is computed.</p></dd>


<dt>weight</dt>
<dd><p>Numeric. (Default <code>NULL</code>)</p></dd>


<dt>fixed_margins</dt>
<dd><p>Should the margins be fixed or simulated? (Default <code>TRUE</code>)</p></dd>


<dt>n_bootstrap</dt>
<dd><p>Number of bootstrap iterations. (Default <code>100</code>)</p></dd>

</dl></div>
    <div id="value">
    <h2>Value</h2>
    

<p>A data.table with one row, corresponding to the expected value of
   the D index when true segregation is zero.</p>
    </div>

    <div id="ref-examples">
    <h2>Examples</h2>
    <div class="sourceCode"><pre class="sourceCode r"><code><span class="r-in"><span><span class="co"># build a smaller table, with 100 students distributed across</span></span></span>
<span class="r-in"><span><span class="co"># 10 schools, where one racial group has 10% of the students</span></span></span>
<span class="r-in"><span><span class="va">small</span> <span class="op">&lt;-</span> <span class="fu"><a href="https://rdrr.io/r/base/data.frame.html" class="external-link">data.frame</a></span><span class="op">(</span></span></span>
<span class="r-in"><span>    school <span class="op">=</span> <span class="fu"><a href="https://rdrr.io/r/base/c.html" class="external-link">c</a></span><span class="op">(</span><span class="fl">1</span><span class="op">:</span><span class="fl">10</span>, <span class="fl">1</span><span class="op">:</span><span class="fl">10</span><span class="op">)</span>,</span></span>
<span class="r-in"><span>    race <span class="op">=</span> <span class="fu"><a href="https://rdrr.io/r/base/c.html" class="external-link">c</a></span><span class="op">(</span><span class="fu"><a href="https://rdrr.io/r/base/rep.html" class="external-link">rep</a></span><span class="op">(</span><span class="st">"r1"</span>, <span class="fl">10</span><span class="op">)</span>, <span class="fu"><a href="https://rdrr.io/r/base/rep.html" class="external-link">rep</a></span><span class="op">(</span><span class="st">"r2"</span>, <span class="fl">10</span><span class="op">)</span><span class="op">)</span>,</span></span>
<span class="r-in"><span>    n <span class="op">=</span> <span class="fu"><a href="https://rdrr.io/r/base/c.html" class="external-link">c</a></span><span class="op">(</span><span class="fu"><a href="https://rdrr.io/r/base/rep.html" class="external-link">rep</a></span><span class="op">(</span><span class="fl">1</span>, <span class="fl">10</span><span class="op">)</span>, <span class="fu"><a href="https://rdrr.io/r/base/rep.html" class="external-link">rep</a></span><span class="op">(</span><span class="fl">9</span>, <span class="fl">10</span><span class="op">)</span><span class="op">)</span></span></span>
<span class="r-in"><span><span class="op">)</span></span></span>
<span class="r-in"><span><span class="fu">dissimilarity_expected</span><span class="op">(</span><span class="va">small</span>, <span class="st">"race"</span>, <span class="st">"school"</span>, weight <span class="op">=</span> <span class="st">"n"</span><span class="op">)</span></span></span>
<span class="r-out co"><span class="r-pr">#&gt;</span>         stat       est       se</span>
<span class="r-out co"><span class="r-pr">#&gt;</span> 1: D under 0 0.3488889 0.108292</span>
<span class="r-in"><span><span class="co"># with an increase in sample size (n=1000), the values improve</span></span></span>
<span class="r-in"><span><span class="va">small</span><span class="op">$</span><span class="va">n</span> <span class="op">&lt;-</span> <span class="va">small</span><span class="op">$</span><span class="va">n</span> <span class="op">*</span> <span class="fl">10</span></span></span>
<span class="r-in"><span><span class="fu">dissimilarity_expected</span><span class="op">(</span><span class="va">small</span>, <span class="st">"race"</span>, <span class="st">"school"</span>, weight <span class="op">=</span> <span class="st">"n"</span><span class="op">)</span></span></span>
<span class="r-out co"><span class="r-pr">#&gt;</span>         stat       est         se</span>
<span class="r-out co"><span class="r-pr">#&gt;</span> 1: D under 0 0.1282222 0.03280236</span>
</code></pre></div>
    </div>
  </div>
  <div class="col-md-3 hidden-xs hidden-sm" id="pkgdown-sidebar">
    <nav id="toc" data-toggle="toc" class="sticky-top"><h2 data-toc-skip>Contents</h2>
    </nav></div>
</div>


      <footer><div class="copyright">
  <p></p><p>Developed by Benjamin Elbers.</p>
</div>

<div class="pkgdown">
  <p></p><p>Site built with <a href="https://pkgdown.r-lib.org/" class="external-link">pkgdown</a> 2.0.5.</p>
</div>

      </footer></div>

  


  

  </body></html>

